[spurdocoin.com/index.html]
[spurdocoin.com/wp-content/uploads/2023/04/spurdo-sparde.gif]
[backblue.gif]
[fade.gif]
[index.html]
[spurdocoin.com/wp-content/plugins/loftloader-pro/assets/css/loftloader.min3a45.css]
[spurdocoin.com/index.php/feed/index.html]
[spurdocoin.com/wp-includes/css/dist/block-library/style.mine35d.css]
[spurdocoin.com/index.php/comments/feed/index.html]
[spurdocoin.com/wp-content/themes/hello-elementor/style.minc141.css]
[spurdocoin.com/wp-content/themes/hello-elementor/theme.minc141.css]
[spurdocoin.com/wp-content/plugins/elementor/assets/css/frontend-lite.minf416.css]
[spurdocoin.com/wp-content/uploads/elementor/css/post-38b907.css]
[spurdocoin.com/wp-content/plugins/elementskit-lite/modules/elementskit-icon-pack/assets/css/ekiticons1102.css]
[spurdocoin.com/wp-content/plugins/elementor/assets/lib/eicons/css/elementor-icons.min3b94.css]
[spurdocoin.com/wp-content/plugins/elementor/assets/lib/swiper/v8/css/swiper.min94a4.css]
[spurdocoin.com/wp-content/plugins/elementor-pro/assets/css/frontend-lite.minac9e.css]
[spurdocoin.com/wp-content/uploads/elementor/css/post-155a65.css]
[spurdocoin.com/wp-content/plugins/skyboot-custom-icons-for-elementor/assets/css/elegant97de.css]
[spurdocoin.com/wp-content/plugins/skyboot-custom-icons-for-elementor/assets/css/linearicons97de.css]
[spurdocoin.com/wp-content/plugins/skyboot-custom-icons-for-elementor/assets/css/themify97de.css]
[spurdocoin.com/wp-content/plugins/elementskit-lite/widgets/init/assets/css/widget-styles1102.css]
[spurdocoin.com/wp-content/plugins/elementskit-lite/widgets/init/assets/css/responsive1102.css]
[spurdocoin.com/wp-content/plugins/elementor/assets/lib/font-awesome/css/fontawesome.min52d5.css]
[spurdocoin.com/wp-content/plugins/elementor/assets/lib/font-awesome/css/brands.min52d5.css]
[spurdocoin.com/wp-includes/js/jquery/jquery.min3088.js]
[spurdocoin.com/wp-includes/js/jquery/jquery-migrate.min5589.js]
[spurdocoin.com/index.php/wp-json/wp/v2/pages/15.json]
[spurdocoin.com/xmlrpc0db0.php]
[spurdocoin.com/index.php/wp-json/index.html]
[spurdocoin.com/index.php/wp-json/oembed/1.0/embed04ff.json]
[spurdocoin.com/index.php/wp-json/oembed/1.0/embedfd5a]
[spurdocoin.com/wp-content/uploads/2023/04/Spurdo-logo-transprent-150x150.png]
[spurdocoin.com/wp-content/uploads/2023/04/Spurdo-logo-transprent-300x300.png]
[spurdocoin.com/wp-content/uploads/2023/04/image_2023-04-27_19-32-59-1024x341.png]
[spurdocoin.com/wp-content/uploads/2023/04/image_2023-04-27_19-32-59.png]
[spurdocoin.com/wp-content/uploads/2023/04/Spurdo-logo-transprent.png]
[spurdocoin.com/wp-content/uploads/2023/04/1_IWCfWF-e1682637588334.png]
[spurdocoin.com/wp-content/plugins/elementor/assets/css/widget-icon-box.min.css]
[spurdocoin.com/wp-content/uploads/2023/04/3_ofoaGI.png]
[spurdocoin.com/wp-content/uploads/2023/04/2_QLIFGa.png]
[spurdocoin.com/wp-content/uploads/2023/04/LOADER-12.png]
[spurdocoin.com/wp-content/uploads/2023/04/LOADER-8.png]
[spurdocoin.com/wp-content/uploads/2023/04/1inch.png]
[spurdocoin.com/wp-content/uploads/2023/04/LOADER-7.png]
[spurdocoin.com/wp-content/uploads/2023/04/LOADER-9.png]
[spurdocoin.com/wp-content/plugins/loftloader-pro/assets/js/jquery.waitformedias.min3a45.js]
[spurdocoin.com/wp-content/plugins/loftloader-pro/assets/js/loftloader.min3a45.js]
[spurdocoin.com/wp-content/plugins/elementor/assets/lib/animations/animations.minf416.css]
[spurdocoin.com/wp-content/themes/hello-elementor/assets/js/hello-frontend.min8a54.js]
[spurdocoin.com/wp-content/plugins/elementskit-lite/widgets/init/assets/js/widget-scripts1102.js]
[spurdocoin.com/wp-content/plugins/elementor-pro/assets/js/webpack-pro.runtime.minac9e.js]
[spurdocoin.com/wp-content/plugins/elementor/assets/js/webpack.runtime.minf416.js]
[spurdocoin.com/wp-content/plugins/elementor/assets/js/frontend-modules.minf416.js]
[spurdocoin.com/wp-includes/js/dist/vendor/wp-polyfill-inert.min0226.js]
[spurdocoin.com/wp-includes/js/dist/vendor/regenerator-runtime.min8fa4.js]
[spurdocoin.com/wp-includes/js/dist/vendor/wp-polyfill.min2c7c.js]
[spurdocoin.com/wp-includes/js/dist/hooks.min2ebd.js]
[spurdocoin.com/wp-includes/js/dist/i18n.minf92f.js]
[spurdocoin.com/wp-content/plugins/elementor-pro/assets/js/frontend.minac9e.js]
[spurdocoin.com/wp-content/plugins/elementor/assets/lib/waypoints/waypoints.min05da.js]
[spurdocoin.com/wp-includes/js/jquery/ui/core.min3f14.js]
[spurdocoin.com/wp-content/plugins/elementor/assets/js/frontend.minf416.js]
[spurdocoin.com/wp-content/plugins/elementor-pro/assets/js/elements-handlers.minac9e.js]
[spurdocoin.com/wp-content/plugins/elementskit-lite/widgets/init/assets/js/animate-circle1102.js]
[spurdocoin.com/wp-content/plugins/elementskit-lite/widgets/init/assets/js/elementor1102.js]
[spurdocoin.com/wp-content/plugins/elementor/assets/lib/swiper/swiper.min1102.js]
[spurdocoin.com/wp-includes/js/underscore.mind584.js]
[spurdocoin.com/wp-includes/js/wp-util.mine35d.js]
[spurdocoin.com/wp-content/plugins/wpforms-lite/assets/js/integrations/elementor/frontend.min4a2b.js]
[spurdocoin.com/index.html]
[spurdocoin.com/wp-content/plugins/loftloader-pro/assets/css/loftloader.min3a45.css]
[spurdocoin.com/wp-includes/css/dist/block-library/style.mine35d.css]
[spurdocoin.com/wp-content/themes/hello-elementor/style.minc141.css]
[spurdocoin.com/wp-content/themes/hello-elementor/theme.minc141.css]
[spurdocoin.com/wp-content/plugins/elementor/assets/css/frontend-lite.minf416.css]
[spurdocoin.com/wp-content/uploads/elementor/css/post-38b907.css]
[spurdocoin.com/wp-content/plugins/elementskit-lite/modules/elementskit-icon-pack/assets/css/ekiticons1102.css]
[spurdocoin.com/wp-content/plugins/elementskit-lite/modules/elementskit-icon-pack/assets/fonts/elementskit97ac.woff]
[spurdocoin.com/wp-content/plugins/elementor/assets/lib/eicons/fonts/eiconsd6bb.eot]
[spurdocoin.com/wp-content/plugins/elementor/assets/lib/eicons/fonts/eiconsd6bb.woff2]
[spurdocoin.com/wp-content/plugins/elementor/assets/lib/eicons/fonts/eiconsd6bb.woff]
[spurdocoin.com/wp-content/plugins/elementor/assets/lib/eicons/fonts/eiconsd6bb.ttf]
[spurdocoin.com/wp-content/plugins/elementor/assets/lib/eicons/css/elementor-icons.min3b94.css]
[spurdocoin.com/wp-content/plugins/elementor/assets/lib/swiper/v8/css/swiper.min94a4.css]
[spurdocoin.com/wp-content/plugins/elementor-pro/assets/css/frontend-lite.minac9e.css]
[spurdocoin.com/wp-content/uploads/elementor/css/post-155a65.css]
[spurdocoin.com/wp-content/plugins/elementor/assets/lib/eicons/fonts/eiconsd6bb.svg]
[spurdocoin.com/wp-content/plugins/skyboot-custom-icons-for-elementor/assets/fonts/ElegantIcons.eot]
[spurdocoin.com/wp-content/plugins/skyboot-custom-icons-for-elementor/assets/fonts/ElegantIconsd41d.eot]
[spurdocoin.com/wp-content/plugins/skyboot-custom-icons-for-elementor/assets/fonts/ElegantIcons.woff]
[spurdocoin.com/wp-content/plugins/skyboot-custom-icons-for-elementor/assets/fonts/ElegantIcons.ttf]
[spurdocoin.com/wp-content/plugins/skyboot-custom-icons-for-elementor/assets/css/elegant97de.css]
[spurdocoin.com/wp-content/plugins/skyboot-custom-icons-for-elementor/assets/fonts/Linearicons-Free54e9.eot]
[spurdocoin.com/wp-content/plugins/skyboot-custom-icons-for-elementor/assets/fonts/ElegantIcons.svg]
[spurdocoin.com/wp-content/plugins/skyboot-custom-icons-for-elementor/assets/fonts/Linearicons-Freed41d.eot]
[spurdocoin.com/wp-content/plugins/skyboot-custom-icons-for-elementor/assets/fonts/Linearicons-Free54e9.woff2]
[spurdocoin.com/wp-content/plugins/skyboot-custom-icons-for-elementor/assets/fonts/Linearicons-Free54e9.woff]
[spurdocoin.com/wp-content/plugins/skyboot-custom-icons-for-elementor/assets/fonts/Linearicons-Free54e9.ttf]
[spurdocoin.com/wp-content/plugins/skyboot-custom-icons-for-elementor/assets/css/linearicons97de.css]
[spurdocoin.com/wp-content/plugins/skyboot-custom-icons-for-elementor/assets/fonts/themify9f24.eot]
[spurdocoin.com/wp-content/plugins/skyboot-custom-icons-for-elementor/assets/fonts/Linearicons-Free54e9.svg]
[spurdocoin.com/wp-content/plugins/skyboot-custom-icons-for-elementor/assets/css//fonts/themifyd41d.eot]
[spurdocoin.com/wp-content/plugins/skyboot-custom-icons-for-elementor/assets/fonts/themify9f24.woff]
[spurdocoin.com/wp-content/plugins/skyboot-custom-icons-for-elementor/assets/fonts/themify9f24.ttf]
[spurdocoin.com/wp-content/plugins/skyboot-custom-icons-for-elementor/assets/css/themify97de.css]
[spurdocoin.com/wp-content/plugins/skyboot-custom-icons-for-elementor/assets/fonts/themify9f24.svg]
[spurdocoin.com/wp-content/plugins/elementskit-lite/widgets/init/assets/img/arrow.png]
[spurdocoin.com/wp-content/plugins/elementskit-lite/widgets/init/assets/img/sort_asc.png]
[spurdocoin.com/wp-content/plugins/elementskit-lite/widgets/init/assets/img/sort_desc.png]
[spurdocoin.com/wp-content/plugins/elementskit-lite/widgets/init/assets/img/sort_asc_disabled.png]
[spurdocoin.com/wp-content/plugins/elementskit-lite/widgets/init/assets/css/widget-styles1102.css]
[spurdocoin.com/wp-content/plugins/elementskit-lite/widgets/init/assets/css/responsive1102.css]
[spurdocoin.com/wp-content/plugins/elementor/assets/lib/font-awesome/css/fontawesome.min52d5.css]
[spurdocoin.com/wp-content/plugins/elementor/assets/lib/font-awesome/webfonts/fa-brands-400.eot]
[spurdocoin.com/wp-content/plugins/elementor/assets/lib/font-awesome/webfonts/fa-brands-400d41d.eot]
[spurdocoin.com/wp-content/plugins/elementor/assets/lib/font-awesome/webfonts/fa-brands-400.woff2]
[spurdocoin.com/wp-content/plugins/elementor/assets/lib/font-awesome/webfonts/fa-brands-400.woff]
[spurdocoin.com/wp-content/plugins/elementor/assets/lib/font-awesome/css/brands.min52d5.css]
[spurdocoin.com/wp-includes/js/jquery/jquery.min3088.js]
[spurdocoin.com/wp-includes/js/jquery/jquery-migrate.min5589.js]
[spurdocoin.com/wp-content/plugins/elementor/assets/css/widget-icon-box.min.css]
[spurdocoin.com/wp-content/plugins/loftloader-pro/assets/js/jquery.waitformedias.min3a45.js]
[spurdocoin.com/wp-content/plugins/loftloader-pro/assets/js/loftloader.min3a45.js]
[spurdocoin.com/wp-content/plugins/elementor/assets/lib/animations/animations.minf416.css]
[spurdocoin.com/wp-content/themes/hello-elementor/assets/js/hello-frontend.min8a54.js]
[spurdocoin.com/wp-content/plugins/elementskit-lite/libs/framework/assets/js/frontend-script1102.js]
[spurdocoin.com/wp-content/plugins/elementskit-lite/widgets/init/assets/js/widget-scripts1102.js]
[spurdocoin.com/wp-content/plugins/elementor-pro/assets/js/webpack-pro.runtime.minac9e.js]
[spurdocoin.com/wp-content/plugins/elementor/assets/js/webpack.runtime.minf416.js]
[spurdocoin.com/wp-content/plugins/elementor/assets/js/frontend-modules.minf416.js]
[spurdocoin.com/wp-includes/js/dist/vendor/wp-polyfill-inert.min0226.js]
[spurdocoin.com/wp-includes/js/dist/vendor/regenerator-runtime.min8fa4.js]
[spurdocoin.com/wp-includes/js/dist/vendor/wp-polyfill.min2c7c.js]
[spurdocoin.com/wp-includes/js/dist/hooks.min2ebd.js]
[spurdocoin.com/wp-includes/js/dist/i18n.minf92f.js]
[spurdocoin.com/wp-content/plugins/elementor-pro/assets/js/frontend.minac9e.js]
[spurdocoin.com/wp-content/plugins/elementor/assets/lib/waypoints/waypoints.min05da.js]
[spurdocoin.com/wp-includes/js/jquery/ui/core.min3f14.js]
[spurdocoin.com/wp-content/plugins/elementor/assets/lib/font-awesome/webfonts/fa-brands-400.ttf]
[spurdocoin.com/-negative.62.delayed]
[spurdocoin.com/wp-content/plugins/elementor/assets/js/frontend.minf416.js]
[spurdocoin.com/wp-content/plugins/elementor-pro/assets/js/elements-handlers.minac9e.js]
[spurdocoin.com/wp-content/plugins/elementskit-lite/widgets/init/assets/js/animate-circle1102.js]
[spurdocoin.com/wp-content/plugins/elementskit-lite/widgets/init/assets/js/elementor1102.js]
[spurdocoin.com/wp-content/plugins/elementor/assets/lib/swiper/swiper.min1102.js]
[spurdocoin.com/Trident/index.html]
[spurdocoin.com/wp-includes/js/underscore.mind584.js]
[spurdocoin.com/OPR/index.html]
[spurdocoin.com/wp-includes/js/wp-util.mine35d.js]
[spurdocoin.com/Edge/index.html]
[spurdocoin.com/Gecko/index.html]
[spurdocoin.com/wp-content/plugins/elementor/assets/lib/font-awesome/webfonts/fa-brands-400.svg]
[spurdocoin.com/wp-content/plugins/wpforms-lite/assets/js/integrations/elementor/frontend.min4a2b.js]
[spurdocoin.com/wp-content/plugins/elementor/assets/lib/eicons/fonts/eiconsd6bb.svg]
[spurdocoin.com/wp-content/plugins/skyboot-custom-icons-for-elementor/assets/fonts/ElegantIcons.svg]
[spurdocoin.com/wp-content/plugins/skyboot-custom-icons-for-elementor/assets/fonts/Linearicons-Free54e9.svg]
[spurdocoin.com/wp-content/plugins/skyboot-custom-icons-for-elementor/assets/css//fonts/themifyd41d.html]
[spurdocoin.com/wp-content/plugins/skyboot-custom-icons-for-elementor/assets/fonts/themify9f24.svg]
[spurdocoin.com/wp-content/plugins/elementskit-lite/widgets/init/assets/img/cross-out.svg]
[spurdocoin.com/wp-content/plugins/elementor/assets/lib/font-awesome/webfonts/fa-brands-400.svg]
[spurdocoin.com/-negative.html]
[spurdocoin.com/OPR/index.html]
[spurdocoin.com/Trident/index.html]
[spurdocoin.com/Edge/index.html]
[spurdocoin.com/Gecko/index.html]
[spurdocoin.com/Firefox/index.html]
[spurdocoin.com/Firefox/index.html]
[spurdocoin.com/Version/index.html]
[spurdocoin.com/version/index-2.html]
[spurdocoin.com/Version/index.html]
[spurdocoin.com/version/index-2.html]
